ALL_ARGUMENTS: src/experiments/memory_measurements.py
Submit directory: /gpfs/research/scratch/gerlebacher/src/GPT2
Project root: /gpfs/research/scratch/gerlebacher/src
Container image: /gpfs/research/scratch/gerlebacher/containers/nemo_25.07.00.sif
Using cache directory: /gpfs/research/scratch/gerlebacher/cache_11197682
Obtaining file:///gpfs/research/scratch/gerlebacher/src/GPT2
  Installing build dependencies: started
  Installing build dependencies: finished with status 'done'
  Checking if build backend supports build_editable: started
  Checking if build backend supports build_editable: finished with status 'done'
  Getting requirements to build editable: started
  Getting requirements to build editable: finished with status 'done'
  Preparing editable metadata (pyproject.toml): started
  Preparing editable metadata (pyproject.toml): finished with status 'done'
Requirement already satisfied: beartype>=0.21.0 in /gpfs/home/gerlebacher/.local/lib/python3.12/site-packages (from nanogpt==0.1.0) (0.21.0)
Requirement already satisfied: datasets>=4.0.0 in /usr/local/lib/python3.12/dist-packages (from nanogpt==0.1.0) (4.0.0)
Requirement already satisfied: einops>=0.8.1 in /opt/venv/lib/python3.12/site-packages (from nanogpt==0.1.0) (0.8.1)
Requirement already satisfied: jaxtyping>=0.3.2 in /gpfs/home/gerlebacher/.local/lib/python3.12/site-packages (from nanogpt==0.1.0) (0.3.2)
Requirement already satisfied: lightning>=2.5.2 in /opt/venv/lib/python3.12/site-packages (from nanogpt==0.1.0) (2.6.0.dev20250713)
Requirement already satisfied: matplotlib>=3.10.3 in /usr/local/lib/python3.12/dist-packages (from nanogpt==0.1.0) (3.10.3)
Requirement already satisfied: pandas>=2.3.1 in /gpfs/home/gerlebacher/.local/lib/python3.12/site-packages (from nanogpt==0.1.0) (2.3.1)
Requirement already satisfied: pillow>=11.3.0 in /usr/local/lib/python3.12/dist-packages (from nanogpt==0.1.0) (11.3.0)
Requirement already satisfied: psutil in /opt/venv/lib/python3.12/site-packages (from nanogpt==0.1.0) (7.0.0)
Requirement already satisfied: seaborn>=0.13.2 in /usr/local/lib/python3.12/dist-packages (from nanogpt==0.1.0) (0.13.2)
Collecting setuptools>=80.9.0 (from nanogpt==0.1.0)
  Downloading setuptools-80.9.0-py3-none-any.whl.metadata (6.6 kB)
Requirement already satisfied: tiktoken>=0.9.0 in /usr/local/lib/python3.12/dist-packages (from nanogpt==0.1.0) (0.9.0)
Collecting tokenizers>=0.21.4 (from nanogpt==0.1.0)
  Downloading tokenizers-0.21.4-cp39-abi3-manylinux_2_17_x86_64.manylinux2014_x86_64.whl.metadata (6.7 kB)
Requirement already satisfied: torch>=2.7.1 in /usr/local/lib/python3.12/dist-packages (from nanogpt==0.1.0) (2.8.0a0+5228986c39.nv25.5)
Requirement already satisfied: tqdm>=4.67.1 in /opt/venv/lib/python3.12/site-packages (from nanogpt==0.1.0) (4.67.1)
Requirement already satisfied: wandb>=0.21.0 in /opt/venv/lib/python3.12/site-packages (from nanogpt==0.1.0) (0.21.0)
Requirement already satisfied: filelock in /opt/venv/lib/python3.12/site-packages (from datasets>=4.0.0->nanogpt==0.1.0) (3.18.0)
Requirement already satisfied: numpy>=1.17 in /opt/venv/lib/python3.12/site-packages (from datasets>=4.0.0->nanogpt==0.1.0) (1.26.4)
Requirement already satisfied: pyarrow>=15.0.0 in /usr/local/lib/python3.12/dist-packages (from datasets>=4.0.0->nanogpt==0.1.0) (19.0.1)
Requirement already satisfied: dill<0.3.9,>=0.3.0 in /usr/local/lib/python3.12/dist-packages (from datasets>=4.0.0->nanogpt==0.1.0) (0.3.8)
Requirement already satisfied: requests>=2.32.2 in /opt/venv/lib/python3.12/site-packages (from datasets>=4.0.0->nanogpt==0.1.0) (2.32.4)
Requirement already satisfied: xxhash in /usr/local/lib/python3.12/dist-packages (from datasets>=4.0.0->nanogpt==0.1.0) (3.5.0)
Requirement already satisfied: multiprocess<0.70.17 in /usr/local/lib/python3.12/dist-packages (from datasets>=4.0.0->nanogpt==0.1.0) (0.70.16)
Requirement already satisfied: fsspec<=2025.3.0,>=2023.1.0 in /opt/venv/lib/python3.12/site-packages (from fsspec[http]<=2025.3.0,>=2023.1.0->datasets>=4.0.0->nanogpt==0.1.0) (2025.3.0)
Requirement already satisfied: huggingface-hub>=0.24.0 in /opt/venv/lib/python3.12/site-packages (from datasets>=4.0.0->nanogpt==0.1.0) (0.33.4)
Requirement already satisfied: packaging in /opt/venv/lib/python3.12/site-packages (from datasets>=4.0.0->nanogpt==0.1.0) (25.0)
Requirement already satisfied: pyyaml>=5.1 in /opt/venv/lib/python3.12/site-packages (from datasets>=4.0.0->nanogpt==0.1.0) (6.0.2)
Requirement already satisfied: aiohttp!=4.0.0a0,!=4.0.0a1 in /opt/venv/lib/python3.12/site-packages (from fsspec[http]<=2025.3.0,>=2023.1.0->datasets>=4.0.0->nanogpt==0.1.0) (3.12.14)
Requirement already satisfied: aiohappyeyeballs>=2.5.0 in /opt/venv/lib/python3.12/site-packages (from aiohttp!=4.0.0a0,!=4.0.0a1->fsspec[http]<=2025.3.0,>=2023.1.0->datasets>=4.0.0->nanogpt==0.1.0) (2.6.1)
Requirement already satisfied: aiosignal>=1.4.0 in /opt/venv/lib/python3.12/site-packages (from aiohttp!=4.0.0a0,!=4.0.0a1->fsspec[http]<=2025.3.0,>=2023.1.0->datasets>=4.0.0->nanogpt==0.1.0) (1.4.0)
Requirement already satisfied: attrs>=17.3.0 in /opt/venv/lib/python3.12/site-packages (from aiohttp!=4.0.0a0,!=4.0.0a1->fsspec[http]<=2025.3.0,>=2023.1.0->datasets>=4.0.0->nanogpt==0.1.0) (25.3.0)
Requirement already satisfied: frozenlist>=1.1.1 in /opt/venv/lib/python3.12/site-packages (from aiohttp!=4.0.0a0,!=4.0.0a1->fsspec[http]<=2025.3.0,>=2023.1.0->datasets>=4.0.0->nanogpt==0.1.0) (1.7.0)
Requirement already satisfied: multidict<7.0,>=4.5 in /opt/venv/lib/python3.12/site-packages (from aiohttp!=4.0.0a0,!=4.0.0a1->fsspec[http]<=2025.3.0,>=2023.1.0->datasets>=4.0.0->nanogpt==0.1.0) (6.6.3)
Requirement already satisfied: propcache>=0.2.0 in /opt/venv/lib/python3.12/site-packages (from aiohttp!=4.0.0a0,!=4.0.0a1->fsspec[http]<=2025.3.0,>=2023.1.0->datasets>=4.0.0->nanogpt==0.1.0) (0.3.2)
Requirement already satisfied: yarl<2.0,>=1.17.0 in /opt/venv/lib/python3.12/site-packages (from aiohttp!=4.0.0a0,!=4.0.0a1->fsspec[http]<=2025.3.0,>=2023.1.0->datasets>=4.0.0->nanogpt==0.1.0) (1.20.1)
Requirement already satisfied: idna>=2.0 in /opt/venv/lib/python3.12/site-packages (from yarl<2.0,>=1.17.0->aiohttp!=4.0.0a0,!=4.0.0a1->fsspec[http]<=2025.3.0,>=2023.1.0->datasets>=4.0.0->nanogpt==0.1.0) (3.10)
Requirement already satisfied: typing-extensions>=4.2 in /opt/venv/lib/python3.12/site-packages (from aiosignal>=1.4.0->aiohttp!=4.0.0a0,!=4.0.0a1->fsspec[http]<=2025.3.0,>=2023.1.0->datasets>=4.0.0->nanogpt==0.1.0) (4.14.1)
Requirement already satisfied: hf-xet<2.0.0,>=1.1.2 in /opt/venv/lib/python3.12/site-packages (from huggingface-hub>=0.24.0->datasets>=4.0.0->nanogpt==0.1.0) (1.1.6rc1)
Requirement already satisfied: wadler-lindig>=0.1.3 in /gpfs/home/gerlebacher/.local/lib/python3.12/site-packages (from jaxtyping>=0.3.2->nanogpt==0.1.0) (0.1.7)
Requirement already satisfied: lightning-utilities<2.0,>=0.10.0 in /opt/venv/lib/python3.12/site-packages (from lightning>=2.5.2->nanogpt==0.1.0) (0.14.3)
Requirement already satisfied: torchmetrics<3.0,>0.7.0 in /opt/venv/lib/python3.12/site-packages (from lightning>=2.5.2->nanogpt==0.1.0) (1.7.4)
Requirement already satisfied: pytorch-lightning in /opt/venv/lib/python3.12/site-packages (from lightning>=2.5.2->nanogpt==0.1.0) (2.5.2)
Requirement already satisfied: sympy>=1.13.3 in /opt/venv/lib/python3.12/site-packages (from torch>=2.7.1->nanogpt==0.1.0) (1.14.0)
Requirement already satisfied: networkx in /opt/venv/lib/python3.12/site-packages (from torch>=2.7.1->nanogpt==0.1.0) (3.5)
Requirement already satisfied: jinja2 in /opt/venv/lib/python3.12/site-packages (from torch>=2.7.1->nanogpt==0.1.0) (3.1.6)
Requirement already satisfied: contourpy>=1.0.1 in /usr/local/lib/python3.12/dist-packages (from matplotlib>=3.10.3->nanogpt==0.1.0) (1.3.2)
Requirement already satisfied: cycler>=0.10 in /usr/local/lib/python3.12/dist-packages (from matplotlib>=3.10.3->nanogpt==0.1.0) (0.12.1)
Requirement already satisfied: fonttools>=4.22.0 in /usr/local/lib/python3.12/dist-packages (from matplotlib>=3.10.3->nanogpt==0.1.0) (4.58.0)
Requirement already satisfied: kiwisolver>=1.3.1 in /usr/local/lib/python3.12/dist-packages (from matplotlib>=3.10.3->nanogpt==0.1.0) (1.4.8)
Requirement already satisfied: pyparsing>=2.3.1 in /opt/venv/lib/python3.12/site-packages (from matplotlib>=3.10.3->nanogpt==0.1.0) (3.2.3)
Requirement already satisfied: python-dateutil>=2.7 in /opt/venv/lib/python3.12/site-packages (from matplotlib>=3.10.3->nanogpt==0.1.0) (2.9.0.post0)
Requirement already satisfied: pytz>=2020.1 in /opt/venv/lib/python3.12/site-packages (from pandas>=2.3.1->nanogpt==0.1.0) (2025.2)
Requirement already satisfied: tzdata>=2022.7 in /usr/local/lib/python3.12/dist-packages (from pandas>=2.3.1->nanogpt==0.1.0) (2025.2)
Requirement already satisfied: six>=1.5 in /opt/venv/lib/python3.12/site-packages (from python-dateutil>=2.7->matplotlib>=3.10.3->nanogpt==0.1.0) (1.17.0)
Requirement already satisfied: charset_normalizer<4,>=2 in /opt/venv/lib/python3.12/site-packages (from requests>=2.32.2->datasets>=4.0.0->nanogpt==0.1.0) (3.4.2)
Requirement already satisfied: urllib3<3,>=1.21.1 in /usr/local/lib/python3.12/dist-packages (from requests>=2.32.2->datasets>=4.0.0->nanogpt==0.1.0) (1.26.20)
Requirement already satisfied: certifi>=2017.4.17 in /opt/venv/lib/python3.12/site-packages (from requests>=2.32.2->datasets>=4.0.0->nanogpt==0.1.0) (2025.7.14)
Requirement already satisfied: mpmath<1.4,>=1.1.0 in /opt/venv/lib/python3.12/site-packages (from sympy>=1.13.3->torch>=2.7.1->nanogpt==0.1.0) (1.3.0)
Requirement already satisfied: regex>=2022.1.18 in /opt/venv/lib/python3.12/site-packages (from tiktoken>=0.9.0->nanogpt==0.1.0) (2024.11.6)
Requirement already satisfied: click!=8.0.0,>=7.1 in /opt/venv/lib/python3.12/site-packages (from wandb>=0.21.0->nanogpt==0.1.0) (8.2.1)
Requirement already satisfied: gitpython!=3.1.29,>=1.0.0 in /opt/venv/lib/python3.12/site-packages (from wandb>=0.21.0->nanogpt==0.1.0) (3.1.44)
Requirement already satisfied: platformdirs in /opt/venv/lib/python3.12/site-packages (from wandb>=0.21.0->nanogpt==0.1.0) (4.3.8)
Requirement already satisfied: protobuf!=4.21.0,!=5.28.0,<7,>=3.19.0 in /opt/venv/lib/python3.12/site-packages (from wandb>=0.21.0->nanogpt==0.1.0) (4.25.8)
Requirement already satisfied: pydantic<3 in /opt/venv/lib/python3.12/site-packages (from wandb>=0.21.0->nanogpt==0.1.0) (2.11.7)
Requirement already satisfied: sentry-sdk>=2.0.0 in /opt/venv/lib/python3.12/site-packages (from wandb>=0.21.0->nanogpt==0.1.0) (3.0.0a2)
Requirement already satisfied: annotated-types>=0.6.0 in /opt/venv/lib/python3.12/site-packages (from pydantic<3->wandb>=0.21.0->nanogpt==0.1.0) (0.7.0)
Requirement already satisfied: pydantic-core==2.33.2 in /opt/venv/lib/python3.12/site-packages (from pydantic<3->wandb>=0.21.0->nanogpt==0.1.0) (2.33.2)
Requirement already satisfied: typing-inspection>=0.4.0 in /opt/venv/lib/python3.12/site-packages (from pydantic<3->wandb>=0.21.0->nanogpt==0.1.0) (0.4.1)
Requirement already satisfied: gitdb<5,>=4.0.1 in /opt/venv/lib/python3.12/site-packages (from gitpython!=3.1.29,>=1.0.0->wandb>=0.21.0->nanogpt==0.1.0) (4.0.12)
Requirement already satisfied: smmap<6,>=3.0.1 in /opt/venv/lib/python3.12/site-packages (from gitdb<5,>=4.0.1->gitpython!=3.1.29,>=1.0.0->wandb>=0.21.0->nanogpt==0.1.0) (5.0.2)
Requirement already satisfied: opentelemetry-sdk>=1.4.0 in /opt/venv/lib/python3.12/site-packages (from sentry-sdk>=2.0.0->wandb>=0.21.0->nanogpt==0.1.0) (1.27.0)
Requirement already satisfied: opentelemetry-api==1.27.0 in /opt/venv/lib/python3.12/site-packages (from opentelemetry-sdk>=1.4.0->sentry-sdk>=2.0.0->wandb>=0.21.0->nanogpt==0.1.0) (1.27.0)
Requirement already satisfied: opentelemetry-semantic-conventions==0.48b0 in /opt/venv/lib/python3.12/site-packages (from opentelemetry-sdk>=1.4.0->sentry-sdk>=2.0.0->wandb>=0.21.0->nanogpt==0.1.0) (0.48b0)
Requirement already satisfied: deprecated>=1.2.6 in /opt/venv/lib/python3.12/site-packages (from opentelemetry-api==1.27.0->opentelemetry-sdk>=1.4.0->sentry-sdk>=2.0.0->wandb>=0.21.0->nanogpt==0.1.0) (1.2.18)
Requirement already satisfied: importlib-metadata<=8.4.0,>=6.0 in /opt/venv/lib/python3.12/site-packages (from opentelemetry-api==1.27.0->opentelemetry-sdk>=1.4.0->sentry-sdk>=2.0.0->wandb>=0.21.0->nanogpt==0.1.0) (8.4.0)
Requirement already satisfied: zipp>=0.5 in /opt/venv/lib/python3.12/site-packages (from importlib-metadata<=8.4.0,>=6.0->opentelemetry-api==1.27.0->opentelemetry-sdk>=1.4.0->sentry-sdk>=2.0.0->wandb>=0.21.0->nanogpt==0.1.0) (3.23.0)
Requirement already satisfied: wrapt<2,>=1.10 in /opt/venv/lib/python3.12/site-packages (from deprecated>=1.2.6->opentelemetry-api==1.27.0->opentelemetry-sdk>=1.4.0->sentry-sdk>=2.0.0->wandb>=0.21.0->nanogpt==0.1.0) (1.17.2)
Requirement already satisfied: MarkupSafe>=2.0 in /opt/venv/lib/python3.12/site-packages (from jinja2->torch>=2.7.1->nanogpt==0.1.0) (3.0.2)
Downloading setuptools-80.9.0-py3-none-any.whl (1.2 MB)
   ━━━━━━━━━━━━━━━━━━━━━━━━━━━━━━━━━━━━━━━━ 1.2/1.2 MB 10.5 MB/s eta 0:00:00
Downloading tokenizers-0.21.4-cp39-abi3-manylinux_2_17_x86_64.manylinux2014_x86_64.whl (3.1 MB)
   ━━━━━━━━━━━━━━━━━━━━━━━━━━━━━━━━━━━━━━━━ 3.1/3.1 MB 19.7 MB/s eta 0:00:00
Building wheels for collected packages: nanogpt
  Building editable for nanogpt (pyproject.toml): started
  Building editable for nanogpt (pyproject.toml): finished with status 'done'
  Created wheel for nanogpt: filename=nanogpt-0.1.0-0.editable-py3-none-any.whl size=1877 sha256=0d3097e49365d45b32095f8a7fcb2b9cdfb53e749dd05112fbbc26641db4be11
  Stored in directory: /gpfs/research/scratch/gerlebacher/tmp_11197682/pip-ephem-wheel-cache-eguc65g3/wheels/ba/cc/be/9ca61486e460e3889dbada10bd1a45800f8c28c6fb6ca7478c
Successfully built nanogpt
Installing collected packages: setuptools, tokenizers, nanogpt
  Attempting uninstall: nanogpt
    Found existing installation: nanogpt 0.1.0
    Uninstalling nanogpt-0.1.0:
      Successfully uninstalled nanogpt-0.1.0

Successfully installed nanogpt-0.1.0 setuptools-80.9.0 tokenizers-0.21.4
Arguments: src/experiments/memory_measurements.py

🧪 Starting Memory Scaling Experiments
   Models: ['tiny256', 'small1024']
   Batch sizes: [1, 32]
   Sequence lengths: [256, 1024]
   Modes: ['training', 'evaluation']
   Warmup iterations: 5
   Measurement iterations: 10

==> Testing model: tiny256
   Testing mode: training
     Testing sequence length: 256

       [1/16]    Testing: tiny256, batch_size=1, seq_len=256, mode=training
     Setting up model...
     Creating test data...
     Warming up (5 iterations)...
     Measuring memory (10 iterations)...
     Measuring memory (10 iterations)...
       ✅ Completed in 6.6s -     (mem, net mem, peak mem) - Forward: 0.09GB, 0.00GB, 0.21GB, Backward: 0.09GB, 0.00GB, 0.21GB, Combined: 0.09GB, 0.09GB, 0.21GB

       [2/16]    Testing: tiny256, batch_size=32, seq_len=256, mode=training
     Setting up model...
     Creating test data...
     Warming up (5 iterations)...
     Measuring memory (10 iterations)...
     Measuring memory (10 iterations)...
       ✅ Completed in 3.1s -     (mem, net mem, peak mem) - Forward: 0.15GB, 0.00GB, 3.78GB, Backward: 0.15GB, 0.00GB, 3.78GB, Combined: 0.15GB, 0.15GB, 3.78GB
     Testing sequence length: 1024

       [3/16]    Testing: tiny256, batch_size=1, seq_len=1024, mode=training
     Setting up model...
     Creating test data...
     Warming up (5 iterations)...
     Measuring memory (10 iterations)...
     Measuring memory (10 iterations)...
       ✅ Completed in 2.7s -     (mem, net mem, peak mem) - Forward: 0.22GB, 0.00GB, 0.68GB, Backward: 0.22GB, 0.00GB, 0.68GB, Combined: 0.22GB, 0.22GB, 0.68GB

       [4/16]    Testing: tiny256, batch_size=32, seq_len=1024, mode=training
     Setting up model...
     Creating test data...
     Warming up (5 iterations)...
     Measuring memory (10 iterations)...
     Measuring memory (10 iterations)...
       ✅ Completed in 6.2s -     (mem, net mem, peak mem) - Forward: 0.29GB, 0.00GB, 14.79GB, Backward: 0.29GB, 0.00GB, 14.79GB, Combined: 0.29GB, 0.29GB, 14.79GB
   Testing mode: evaluation
     Testing sequence length: 256

       [5/16]    Testing: tiny256, batch_size=1, seq_len=256, mode=evaluation
     Setting up model...
     Creating test data...
     Warming up (5 iterations)...
     Measuring memory (10 iterations)...
     Measuring memory (10 iterations)...
       ❌ Unexpected error for tiny256, batch_size=1, seq_len=256 (after 2.6s): cannot access local variable 'backward_result' where it is not associated with a value

       [6/16]    Testing: tiny256, batch_size=32, seq_len=256, mode=evaluation
     Setting up model...
     Creating test data...
     Warming up (5 iterations)...
     Measuring memory (10 iterations)...
     Measuring memory (10 iterations)...
       ❌ Unexpected error for tiny256, batch_size=32, seq_len=256 (after 2.6s): cannot access local variable 'backward_result' where it is not associated with a value
       ⚠️  All batch sizes failed for seq_len=256, stopping larger sequence lengths

==> Testing model: small1024
   Testing mode: training
     Testing sequence length: 256

       [7/16]    Testing: small1024, batch_size=1, seq_len=256, mode=training
     Setting up model...
     Creating test data...
     Warming up (5 iterations)...
     Measuring memory (10 iterations)...
     Measuring memory (10 iterations)...
       ✅ Completed in 4.2s -     (mem, net mem, peak mem) - Forward: 0.84GB, 0.00GB, 1.02GB, Backward: 0.84GB, 0.00GB, 1.02GB, Combined: 0.84GB, 0.84GB, 1.02GB

       [8/16]    Testing: small1024, batch_size=32, seq_len=256, mode=training
     Setting up model...
     Creating test data...
     Warming up (5 iterations)...
     Measuring memory (10 iterations)...
     Measuring memory (10 iterations)...
       ✅ Completed in 4.7s -     (mem, net mem, peak mem) - Forward: 1.26GB, 0.00GB, 7.08GB, Backward: 1.26GB, 0.00GB, 7.08GB, Combined: 1.26GB, 1.26GB, 7.08GB
     Testing sequence length: 1024

       [9/16]    Testing: small1024, batch_size=1, seq_len=1024, mode=training
     Setting up model...
     Creating test data...
     Warming up (5 iterations)...
     Measuring memory (10 iterations)...
     Measuring memory (10 iterations)...
       ✅ Completed in 4.3s -     (mem, net mem, peak mem) - Forward: 1.71GB, 0.00GB, 2.44GB, Backward: 1.71GB, 0.00GB, 2.44GB, Combined: 1.71GB, 1.71GB, 2.44GB

       [10/16]    Testing: small1024, batch_size=32, seq_len=1024, mode=training
     Setting up model...
     Creating test data...
     Warming up (5 iterations)...
     Measuring memory (10 iterations)...
     Measuring memory (10 iterations)...
       ✅ Completed in 9.0s -     (mem, net mem, peak mem) - Forward: 2.16GB, 0.00GB, 25.42GB, Backward: 2.16GB, 0.00GB, 25.42GB, Combined: 2.16GB, 2.16GB, 25.42GB
   Testing mode: evaluation
     Testing sequence length: 256

       [11/16]    Testing: small1024, batch_size=1, seq_len=256, mode=evaluation
     Setting up model...
     Creating test data...
     Warming up (5 iterations)...
     Measuring memory (10 iterations)...
     Measuring memory (10 iterations)...
       ❌ Unexpected error for small1024, batch_size=1, seq_len=256 (after 4.4s): cannot access local variable 'backward_result' where it is not associated with a value

       [12/16]    Testing: small1024, batch_size=32, seq_len=256, mode=evaluation
     Setting up model...
     Creating test data...
     Warming up (5 iterations)...
     Measuring memory (10 iterations)...
     Measuring memory (10 iterations)...
       ❌ Unexpected error for small1024, batch_size=32, seq_len=256 (after 4.3s): cannot access local variable 'backward_result' where it is not associated with a value
       ⚠️  All batch sizes failed for seq_len=256, stopping larger sequence lengths
✅ CSV results saved to: memory_results_20250807_124646.csv
✅ Full results saved to: memory_results_full_20250807_124646.json
✅ Simplified results saved to: memory_results_simplified_20250807_124646.json
